// Jest Snapshot v1, https://goo.gl/fbAQLP

exports[`Table should render correctly 1`] = `
Object {
  "asFragment": [Function],
  "baseElement": <body>
    <div>
      <table
        class="sc-bdnylx geRHdX"
      >
        <thead>
          <tr>
            <th
              class="sc-gtssRu lbqNjK"
            >
              Title 1
            </th>
            <th
              class="sc-gtssRu lbqNjK"
            >
              Title 2
            </th>
          </tr>
        </thead>
        <tbody>
          <tr>
            <td
              class="sc-dlnjPT kqlUpZ"
            >
              column1 value 1
            </td>
            <td
              class="sc-dlnjPT kqlUpZ"
            >
              column2 value 1
            </td>
          </tr>
          <tr>
            <td
              class="sc-dlnjPT kqlUpZ"
            >
              column1 value 2
            </td>
            <td
              class="sc-dlnjPT kqlUpZ"
            >
              column2 value 2
            </td>
          </tr>
          <tr>
            <td
              class="sc-dlnjPT kqlUpZ"
            >
              column1 value 3
            </td>
            <td
              class="sc-dlnjPT kqlUpZ"
            >
              column2 value 3
            </td>
          </tr>
        </tbody>
      </table>
    </div>
  </body>,
  "container": <div>
    <table
      class="sc-bdnylx geRHdX"
    >
      <thead>
        <tr>
          <th
            class="sc-gtssRu lbqNjK"
          >
            Title 1
          </th>
          <th
            class="sc-gtssRu lbqNjK"
          >
            Title 2
          </th>
        </tr>
      </thead>
      <tbody>
        <tr>
          <td
            class="sc-dlnjPT kqlUpZ"
          >
            column1 value 1
          </td>
          <td
            class="sc-dlnjPT kqlUpZ"
          >
            column2 value 1
          </td>
        </tr>
        <tr>
          <td
            class="sc-dlnjPT kqlUpZ"
          >
            column1 value 2
          </td>
          <td
            class="sc-dlnjPT kqlUpZ"
          >
            column2 value 2
          </td>
        </tr>
        <tr>
          <td
            class="sc-dlnjPT kqlUpZ"
          >
            column1 value 3
          </td>
          <td
            class="sc-dlnjPT kqlUpZ"
          >
            column2 value 3
          </td>
        </tr>
      </tbody>
    </table>
  </div>,
  "debug": [Function],
  "findAllByAltText": [Function],
  "findAllByDisplayValue": [Function],
  "findAllByLabelText": [Function],
  "findAllByPlaceholderText": [Function],
  "findAllByRole": [Function],
  "findAllByTestId": [Function],
  "findAllByText": [Function],
  "findAllByTitle": [Function],
  "findByAltText": [Function],
  "findByDisplayValue": [Function],
  "findByLabelText": [Function],
  "findByPlaceholderText": [Function],
  "findByRole": [Function],
  "findByTestId": [Function],
  "findByText": [Function],
  "findByTitle": [Function],
  "getAllByAltText": [Function],
  "getAllByDisplayValue": [Function],
  "getAllByLabelText": [Function],
  "getAllByPlaceholderText": [Function],
  "getAllByRole": [Function],
  "getAllByTestId": [Function],
  "getAllByText": [Function],
  "getAllByTitle": [Function],
  "getByAltText": [Function],
  "getByDisplayValue": [Function],
  "getByLabelText": [Function],
  "getByPlaceholderText": [Function],
  "getByRole": [Function],
  "getByTestId": [Function],
  "getByText": [Function],
  "getByTitle": [Function],
  "queryAllByAltText": [Function],
  "queryAllByDisplayValue": [Function],
  "queryAllByLabelText": [Function],
  "queryAllByPlaceholderText": [Function],
  "queryAllByRole": [Function],
  "queryAllByTestId": [Function],
  "queryAllByText": [Function],
  "queryAllByTitle": [Function],
  "queryByAltText": [Function],
  "queryByDisplayValue": [Function],
  "queryByLabelText": [Function],
  "queryByPlaceholderText": [Function],
  "queryByRole": [Function],
  "queryByTestId": [Function],
  "queryByText": [Function],
  "queryByTitle": [Function],
  "rerender": [Function],
  "unmount": [Function],
}
`;
